...................                                                      [100%]
19 passed in 13.19s
